<?xml version="1.0" encoding="utf-8"?><testsuites name="pytest tests"><testsuite name="pytest" errors="0" failures="0" skipped="0" tests="4" time="35.735" timestamp="2026-05-22T02:30:19.292878-05:00" hostname="sugar-pc"><testcase classname="tests.model.test_model.TestModel" name="test_model_fit" time="11.179" /><testcase classname="tests.model.test_model.TestModel" name="test_model_predict" time="8.603" /><testcase classname="tests.model.test_model.TestModel" name="test_model_preprocess_for_serving" time="7.552" /><testcase classname="tests.model.test_model.TestModel" name="test_model_preprocess_for_training" time="7.587" /></testsuite></testsuites>